[2/250] auditing <id>
[3/250] auditing <id>
[4/250] auditing <id>
[5/250] auditing <id>
[6/250] auditing <id>
[7/250] auditing <id>
[8/250] auditing <id>
[9/250] auditing <id>
[10/250] auditing <id>
[11/250] auditing <id>
[12/250] auditing <id>
[13/250] auditing <id>
[14/250] auditing <id>
[15/250] auditing <id>
[16/250] auditing <id>
[17/250] auditing <id>
[18/250] auditing <id>
[19/250] auditing <id>
[20/250] auditing <id>
[21/250] auditing <id>
[22/250] auditing <id>
[23/250] auditing <id>
[24/250] auditing <id>
[25/250] auditing <id>
[26/250] auditing <id>
[27/250] auditing <id>
[28/250] auditing <id>
[29/250] auditing <id>
[30/250] auditing <id>
[31/250] auditing <id>
[32/250] auditing <id>
[33/250] auditing <id>
[34/250] auditing <id>
[35/250] auditing <id>
[36/250] auditing <id>
[37/250] auditing <id>
[38/250] auditing <id>
[39/250] auditing <id>
[40/250] auditing <id>
[41/250] auditing <id>
[42/250] auditing <id>
[43/250] auditing <id>
[44/250] auditing <id>
[45/250] auditing <id>
[46/250] auditing <id>
[47/250] auditing <id>
[48/250] auditing <id>
[49/250] auditing <id>
[50/250] auditing <id>
[51/250] auditing <id>
[52/250] auditing <id>
[53/250] auditing <id>
[54/250] auditing <id>
[55/250] auditing <id>
[56/250] auditing <id>
[57/250] auditing <id>
[58/250] auditing <id>
[59/250] auditing <id>
[60/250] auditing <id>
[61/250] auditing <id>
[62/250] auditing <id>
[63/250] auditing <id>
[64/250] auditing <id>
[65/250] auditing <id>
[66/250] auditing <id>
[67/250] auditing <id>
[68/250] auditing <id>
[69/250] auditing <id>
[70/250] auditing <id>
[71/250] auditing <id>
[72/250] auditing <id>
[73/250] auditing <id>
[74/250] auditing <id>
[75/250] auditing <id>
[76/250] auditing <id>
[77/250] auditing <id>
[78/250] auditing <id>
[79/250] auditing <id>
[80/250] auditing <id>
[81/250] auditing <id>
[82/250] auditing <id>
[83/250] auditing <id>
[84/250] auditing <id>
[85/250] auditing <id>
[86/250] auditing <id>
[87/250] auditing <id>
[88/250] auditing <id>
[89/250] auditing <id>
[90/250] auditing <id>
[91/250] auditing <id>
[92/250] auditing <id>
[93/250] auditing <id>
[94/250] auditing <id>
[95/250] auditing <id>
[96/250] auditing <id>
[97/250] auditing <id>
[98/250] auditing <id>
[99/250] auditing <id>
[100/250] auditing <id>
[101/250] auditing <id>
[102/250] auditing <id>
[103/250] auditing <id>
[104/250] auditing <id>
[105/250] auditing <id>
[106/250] auditing <id>
[107/250] auditing <id>
[108/250] auditing <id>
[109/250] auditing <id>
[110/250] auditing <id>
[111/250] auditing <id>
[112/250] auditing <id>
[113/250] auditing <id>
[114/250] auditing <id>
[115/250] auditing <id>
[116/250] auditing <id>
[117/250] auditing <id>
[118/250] auditing <id>
[119/250] auditing <id>
[120/250] auditing <id>
[121/250] auditing <id>
[122/250] auditing <id>
[123/250] auditing <id>
[124/250] auditing <id>
[125/250] auditing <id>
[126/250] auditing <id>
[127/250] auditing <id>
[128/250] auditing <id>
[129/250] auditing <id>
[130/250] auditing <id>
[131/250] auditing <id>
[132/250] auditing <id>
[133/250] auditing <id>
[134/250] auditing <id>
[135/250] auditing <id>
[136/250] auditing <id>
[137/250] auditing <id>
[138/250] auditing <id>
[139/250] auditing <id>
[140/250] auditing <id>
[141/250] auditing <id>
[142/250] auditing <id>
[143/250] auditing <id>
[144/250] auditing <id>
[145/250] auditing <id>
[146/250] auditing <id>
[147/250] auditing <id>
[148/250] auditing <id>
[149/250] auditing <id>
[150/250] auditing <id>
[151/250] auditing <id>
[152/250] auditing <id>
[153/250] auditing <id>
[154/250] auditing <id>
[155/250] auditing <id>
[156/250] auditing <id>
[157/250] auditing <id>
[158/250] auditing <id>
[159/250] auditing <id>
[160/250] auditing <id>
[161/250] auditing <id>
[162/250] auditing <id>
[163/250] auditing <id>
[164/250] auditing <id>
[165/250] auditing <id>
[166/250] auditing <id>
[167/250] auditing <id>
[168/250] auditing <id>
[169/250] auditing <id>
[170/250] auditing <id>
[171/250] auditing <id>
[172/250] auditing <id>
[173/250] auditing <id>
[174/250] auditing <id>
[175/250] auditing <id>
[176/250] auditing <id>
[177/250] auditing <id>
[178/250] auditing <id>
[179/250] auditing <id>
[180/250] auditing <id>
[181/250] auditing <id>
[182/250] auditing <id>
[183/250] auditing <id>
[184/250] auditing <id>
[185/250] auditing <id>
[186/250] auditing <id>
[187/250] auditing <id>
[188/250] auditing <id>
[189/250] auditing <id>
[190/250] auditing <id>
[191/250] auditing <id>
[192/250] auditing <id>
[193/250] auditing <id>
[194/250] auditing <id>
[195/250] auditing <id>
[196/250] auditing <id>
[197/250] auditing <id>
[198/250] auditing <id>
[199/250] auditing <id>
[200/250] auditing <id>
[201/250] auditing <id>
[202/250] auditing <id>
[203/250] auditing <id>
[204/250] auditing <id>
[205/250] auditing <id>
[206/250] auditing <id>
[207/250] auditing <id>
[208/250] auditing <id>
[209/250] auditing <id>
[210/250] auditing <id>
[211/250] auditing <id>
[212/250] auditing <id>
[213/250] auditing <id>
[214/250] auditing <id>
[215/250] auditing <id>
[216/250] auditing <id>
[217/250] auditing <id>
[218/250] auditing <id>
[219/250] auditing <id>
[220/250] auditing <id>
[221/250] auditing <id>
[222/250] auditing <id>
[223/250] auditing <id>
[224/250] auditing <id>
[225/250] auditing <id>
[226/250] auditing <id>
[227/250] auditing <id>
[228/250] auditing <id>
[229/250] auditing <id>
[230/250] auditing <id>
[231/250] auditing <id>
[232/250] auditing <id>
[233/250] auditing <id>
[234/250] auditing <id>
[235/250] auditing <id>
[236/250] auditing <id>
[237/250] auditing <id>
[238/250] auditing <id>
[239/250] auditing <id>
[240/250] auditing <id>
[241/250] auditing <id>
[242/250] auditing <id>
[243/250] auditing <id>
[244/250] auditing <id>
[245/250] auditing <id>
[246/250] auditing <id>
[247/250] auditing <id>
[248/250] auditing <id>
[249/250] auditing <id>
[250/250] auditing <id>
# MESA subset audit

Subjects audited (EDF+XML complete): **250** (errors: 0). Usable under the strict definition: **220**.

## Usable-subject funnel

| criterion (cumulative)                                    |   subjects |
|:----------------------------------------------------------|-----------:|
| complete subjects (EDF+XML)                               |        250 |
| ECG + SpO2 + Thor + Abdo all present                      |        250 |
| XML has sleep-stage events                                |        250 |
| sleep time >= 4 h                                         |        224 |
| both belts flat_frac < 0.5                                |        222 |
| both belts breathing visible in >= 50% epochs             |        220 |
| scored respiratory events present (>=1 apnea or hypopnea) |        220 |

## Signal presence and native sampling rate

- `ecg`: present in 250/250; fs values [256.0]
- `thor`: present in 250/250; fs values [32.0]
- `abdo`: present in 250/250; fs values [32.0]
- `spo2`: present in 250/250; fs values [1.0]
- recording duration h: median 10.50 (min 7.86, max 30.70); scored sleep h: median 6.09 (min 1.85)

## Scored events

Totals across audited subjects: obstructive 6071, central 849, mixed 4, hypopnea 27746.
Subjects with >=1 central apnea: 106; with >=5 central: 30; with >=1 obstructive: 208; with any apnea (O/C/M): 215.

All respiratory event concepts seen in the XMLs (anything unexpected here is NOT parsed into a subtype):

| concept                                   |   count |
|:------------------------------------------|--------:|
| SpO2 desaturation|SpO2 desaturation       |   82278 |
| Hypopnea|Hypopnea                         |   27746 |
| Unsure|Unsure                             |   20063 |
| Obstructive apnea|Obstructive Apnea       |    6071 |
| SpO2 artifact|SpO2 artifact               |    3176 |
| Central apnea|Central Apnea               |     849 |
| Mixed apnea|Mixed Apnea                   |       4 |
| Respiratory effort related arousal|RERA   |       2 |
| Respiratory artifact|Respiratory artifact |       1 |

- Epoch class balance, all epochs (30 s, n=325669): apnea 3.3%, hypopnea 11.0%, resp_event 14.3%
- Epoch class balance, sleep epochs only (30 s, n=177745): apnea 5.7%, hypopnea 19.8%, resp_event 25.4%

Note: 'apnea' (obstructive/central/mixed) is rare next to hypopnea in MESA; an apnea-only label is a highly imbalanced target.

## AHI distribution

- XML-derived, all scored events / scored sleep h: n=250, median 21.6, IQR 13.5-32.2, max 81.4; <5 normal 13, 5-15 mild 59, 15-30 moderate 111, >=30 severe 67
- XML-derived, desat(>=3%)-supported: n=250, median 7.2, IQR 2.8-16.3, max 80.6; <5 normal 93, 5-15 mild 88, 15-30 moderate 53, >=30 severe 16
- NSRR official ahi_a0h3a (3% or arousal): n=250, median 20.2, IQR 10.8-37.3, max 111.3; <5 normal 24, 5-15 mild 67, 15-30 moderate 74, >=30 severe 85
- NSRR official ahi_a0h4 (4%): n=250, median 10.8, IQR 3.6-23.5, max 101.3; <5 normal 80, 5-15 mild 76, 15-30 moderate 49, >=30 severe 45

Cross-check vs NSRR official AHI (n=250): Pearson r(xml_all, a0h3)=0.714, r(xml_all, a0h3a)=0.748, r(xml_desat3, a0h3)=0.848. Median ratio xml_all/a0h3a = 1.03; xml_desat3/a0h3 = 0.50.
Sleep-time check (stage-derived vs NSRR slpprdp5): median |diff| 0.0 min, max 1.0 min (n=250).

## Thoracic vs abdominal belt quality

|                                |   thor |   abdo |
|:-------------------------------|-------:|-------:|
| flat_frac median               |  0     |  0.002 |
| good_epoch_frac median         |  0.857 |  0.887 |
| good_epoch_frac<0.5 (subjects) |  3     |  4     |
| clip_frac median               |  0     |  0     |
| breath rate median (bpm)       | 14     | 14     |

Per subject, cleaner belt by breathing-visible epoch fraction: Thor 65, Abdo 183, tie 2. Median |r| between belts (0.1-0.6 Hz, per epoch): 0.82.

## Apnea prevalence sanity check (elderly cohort)

Subset age at sleep exam: median 70 (range 55-92); male fraction 0.50.
| group                         | hypopnea rule   |    n | AHI>=5   | AHI>=15   | AHI>=30   |   median AHI |
|:------------------------------|:----------------|-----:|:---------|:----------|:----------|-------------:|
| audited subset                | 3% or arousal   |  250 | 90%      | 64%       | 34%       |         20.2 |
| audited subset                | 4% desat        |  250 | 68%      | 38%       | 18%       |         10.8 |
| full MESA sleep cohort (NSRR) | 3% or arousal   | 2057 | 90%      | 59%       | 30%       |         18.4 |
| full MESA sleep cohort (NSRR) | 4% desat        | 2057 | 66%      | 34%       | 15%       |          9.1 |

Read-out: prevalence depends heavily on the hypopnea rule (3%-or-arousal is much more liberal than 4%), so quote the rule with any number. The subset row vs the full-cohort row (same rule) shows whether the sampled subset is representative of MESA; the full-cohort row is NSRR's own reported AHI, i.e. the reference this audit is checked against.

## Usable subset

n=220. Epoch balance (sleep epochs): apnea 5.5%, hypopnea 19.6%, resp_event 25.1%.
Usable subjects with >=5 central apneas: 29; with >=5 obstructive apneas: 128.

