Loading headline model (frozen) ...
Extracting MESA belt tokens ...
  MESA belt tokens: (1800, 75, 64)
Loading in-house stream cache ...
  S03: 187 epochs prepared
  S06: 400 epochs prepared
  S07: 400 epochs prepared
  S08: 93 epochs prepared
  S11: 131 epochs prepared
  S12: 400 epochs prepared
  S13: 400 epochs prepared
  S15: 400 epochs prepared
  S04: 400 epochs prepared
  S10: 336 epochs prepared
Pre-adaptation (identity) held-out domain AUROC check ...
  Pre-adaptation held-out AUROC (sanity check, should be ~0.93-0.95): 0.9984
Starting training: 1200 steps max, early-stop if held-out AUROC > 0.94
step    1 | D:1.395 adv:0.728 res:0.0305 cons:0.014 | alpha 0.0500 | disc(belt)=0.48 disc(adapt)=0.48 | HELD-OUT AUC: 1.0000
step   40 | D:1.302 adv:0.785 res:0.0250 cons:0.029 | alpha 0.0507 | disc(belt)=0.50 disc(adapt)=0.46 | HELD-OUT AUC: 0.9995
step   80 | D:1.225 adv:0.846 res:0.0231 cons:-0.143 | alpha 0.0516 | disc(belt)=0.52 disc(adapt)=0.43 | HELD-OUT AUC: 0.9999
step  120 | D:1.183 adv:0.880 res:0.0356 cons:-0.176 | alpha 0.0527 | disc(belt)=0.53 disc(adapt)=0.42 | HELD-OUT AUC: 0.9993
step  160 | D:1.072 adv:0.944 res:0.0555 cons:-0.253 | alpha 0.0539 | disc(belt)=0.56 disc(adapt)=0.39 | HELD-OUT AUC: 0.9981
step  200 | D:1.048 adv:0.962 res:0.1082 cons:-0.251 | alpha 0.0552 | disc(belt)=0.57 disc(adapt)=0.38 | HELD-OUT AUC: 0.9997
step  240 | D:0.964 adv:1.024 res:0.1974 cons:-0.372 | alpha 0.0567 | disc(belt)=0.61 disc(adapt)=0.36 | HELD-OUT AUC: 0.9997
EARLY STOP at step 240: held-out AUROC 0.9997 exceeded pre-adaptation reference 0.94

Best held-out AUROC achieved during training: 0.9981 (pre-adaptation was 0.9984)
Computing downstream flag rate with BEST checkpoint ...
  S04: 85.8% flagged
  S10: 92.3% flagged

=== SUMMARY ===
{
  "attempt": 2,
  "hidden_dim": 32,
  "lambda_residual": 0.3,
  "lr_adaptor": 0.0003,
  "lr_disc": 0.0001,
  "stopped_early": true,
  "stop_step": 240,
  "pre_adaptation_held_out_auroc": 0.9984479279838585,
  "best_held_out_auroc_during_training": 0.9981372636328554,
  "final_held_out_auroc": 0.9997193666548505,
  "val_flag_rate_median": 0.8900595238095239,
  "verdict": "NO IMPROVEMENT (within noise or worse)"
}
VERDICT: NO IMPROVEMENT (within noise or worse)
