subjects 220 | sleep epochs 164383 -> kept 156826 (4.60% dropped for < 10 beats)
X (156826, 2, 300) | prevalence 0.2538 | device cuda
fold 0: subjects train/val/test 150/26/44 | epochs 106425/18488/31913 | prev 0.259/0.221/0.255
    ep  0 val AUPRC 0.2839
    ep  1 val AUPRC 0.2913
    ep  2 val AUPRC 0.2663
    ep  3 val AUPRC 0.2844
    ep  4 val AUPRC 0.2711
    ep  5 val AUPRC 0.2746
    ep  6 val AUPRC 0.2513
  fold 0 TEST: sens 0.676 spec 0.526 AUROC 0.631 AUPRC 0.352 F1 0.442 (thr 0.448)
fold 1: subjects train/val/test 150/26/44 | epochs 106624/18745/31457 | prev 0.247/0.263/0.273
    ep  0 val AUPRC 0.3473
    ep  1 val AUPRC 0.3582
    ep  2 val AUPRC 0.3835
    ep  3 val AUPRC 0.3734
    ep  4 val AUPRC 0.3711
    ep  5 val AUPRC 0.3700
    ep  6 val AUPRC 0.3651
    ep  7 val AUPRC 0.3668
  fold 1 TEST: sens 0.661 spec 0.540 AUROC 0.642 AUPRC 0.412 F1 0.458 (thr 0.503)
fold 2: subjects train/val/test 150/26/44 | epochs 108740/17585/30501 | prev 0.254/0.291/0.231
    ep  0 val AUPRC 0.3876
    ep  1 val AUPRC 0.3984
    ep  2 val AUPRC 0.4408
    ep  3 val AUPRC 0.4293
    ep  4 val AUPRC 0.3949
    ep  5 val AUPRC 0.4322
    ep  6 val AUPRC 0.4029
    ep  7 val AUPRC 0.3881
  fold 2 TEST: sens 0.681 spec 0.483 AUROC 0.612 AUPRC 0.302 F1 0.400 (thr 0.476)
fold 3: subjects train/val/test 150/26/44 | epochs 107143/18864/30819 | prev 0.252/0.228/0.275
    ep  0 val AUPRC 0.3159
    ep  1 val AUPRC 0.4049
    ep  2 val AUPRC 0.4208
    ep  3 val AUPRC 0.3748
    ep  4 val AUPRC 0.4186
    ep  5 val AUPRC 0.3840
    ep  6 val AUPRC 0.3588
    ep  7 val AUPRC 0.3728
  fold 3 TEST: sens 0.602 spec 0.533 AUROC 0.600 AUPRC 0.359 F1 0.424 (thr 0.497)
fold 4: subjects train/val/test 150/26/44 | epochs 105852/18838/32136 | prev 0.254/0.280/0.236
    ep  0 val AUPRC 0.3871
    ep  1 val AUPRC 0.3514
    ep  2 val AUPRC 0.3480
    ep  3 val AUPRC 0.3548
    ep  4 val AUPRC 0.3759
    ep  5 val AUPRC 0.3668
  fold 4 TEST: sens 0.489 spec 0.591 AUROC 0.564 AUPRC 0.271 F1 0.348 (thr 0.531)
POOLED: sens 0.622 spec 0.535 AUROC 0.609 AUPRC 0.335 F1 0.416 | per-fold AUROC 0.610 +/- 0.030
AHI corr (pred_rate vs a0h3 / a0h4): r=0.305 / 0.303
